// Jest Snapshot v1, https://goo.gl/fbAQLP

exports[`<DialogHeader /> Snapshots Should click to the circle 1`] = `
.c0 {
  width: 100%;
  max-width: calc(976px - 40px);
}

<Wrapper
  className="c0"
  justifyContent="space-between"
>
  <Wrapper>
    <Styled(Styled(Avatar)) />
    <Wrapper
      flexDirection="column"
      height="40px"
      justifyContent="space-between"
    >
      <Styled(Typography)
        color="dc"
        variant="body1"
      >
        Desirae Schleifer
      </Styled(Typography)>
      <Styled(Typography)
        color="dgc"
        variant="caption1"
      >
        Today at 3:30 pm
      </Styled(Typography)>
    </Wrapper>
  </Wrapper>
  <Wrapper>
    <Styled(Circle)
      color="secondary"
      iconName="search"
      onClick={[Function]}
    />
    <Styled(Circle)
      color="secondary"
      iconName="threeDotsGrey"
    />
  </Wrapper>
</Wrapper>
`;

exports[`<DialogHeader /> Snapshots Should render correctly 1`] = `
.c4 {
  display: -webkit-box;
  display: -webkit-flex;
  display: -ms-flexbox;
  display: flex;
  width: 40px;
  height: 40px;
}

.c7 {
  font-family: 'Roboto',sans-serif;
  font-weight: normal;
  font-size: 16px;
  -webkit-letter-spacing: 0.5px;
  -moz-letter-spacing: 0.5px;
  -ms-letter-spacing: 0.5px;
  letter-spacing: 0.5px;
  line-height: 19px;
  color: #252525;
  margin: 0;
}

.c8 {
  font-family: 'Roboto',sans-serif;
  font-weight: normal;
  font-size: 12px;
  -webkit-letter-spacing: 0.4px;
  -moz-letter-spacing: 0.4px;
  -ms-letter-spacing: 0.4px;
  letter-spacing: 0.4px;
  line-height: 14px;
  color: #A5A5A5;
  margin: 0;
}

.c0 {
  padding: 0;
  margin: 0;
  display: -webkit-box;
  display: -webkit-flex;
  display: -ms-flexbox;
  display: flex;
  -webkit-flex-direction: row;
  -ms-flex-direction: row;
  flex-direction: row;
  -webkit-box-pack: justify;
  -webkit-justify-content: space-between;
  -ms-flex-pack: justify;
  justify-content: space-between;
  -webkit-align-content: flex-start;
  -ms-flex-line-pack: start;
  align-content: flex-start;
  -webkit-align-items: flex-start;
  -webkit-box-align: flex-start;
  -ms-flex-align: flex-start;
  align-items: flex-start;
  width: auto;
  height: auto;
}

.c2 {
  padding: 0;
  margin: 0;
  display: -webkit-box;
  display: -webkit-flex;
  display: -ms-flexbox;
  display: flex;
  -webkit-flex-direction: row;
  -ms-flex-direction: row;
  flex-direction: row;
  -webkit-box-pack: start;
  -webkit-justify-content: flex-start;
  -ms-flex-pack: start;
  justify-content: flex-start;
  -webkit-align-content: flex-start;
  -ms-flex-line-pack: start;
  align-content: flex-start;
  -webkit-align-items: flex-start;
  -webkit-box-align: flex-start;
  -ms-flex-align: flex-start;
  align-items: flex-start;
  width: auto;
  height: auto;
}

.c6 {
  padding: 0;
  margin: 0;
  display: -webkit-box;
  display: -webkit-flex;
  display: -ms-flexbox;
  display: flex;
  -webkit-flex-direction: column;
  -ms-flex-direction: column;
  flex-direction: column;
  -webkit-box-pack: justify;
  -webkit-justify-content: space-between;
  -ms-flex-pack: justify;
  justify-content: space-between;
  -webkit-align-content: flex-start;
  -ms-flex-line-pack: start;
  align-content: flex-start;
  -webkit-align-items: flex-start;
  -webkit-box-align: flex-start;
  -ms-flex-align: flex-start;
  align-items: flex-start;
  width: auto;
  height: 40px;
}

.c9 {
  padding: 0;
  margin: 0;
  display: -webkit-box;
  display: -webkit-flex;
  display: -ms-flexbox;
  display: flex;
  -webkit-flex-direction: row;
  -ms-flex-direction: row;
  flex-direction: row;
  -webkit-box-pack: center;
  -webkit-justify-content: center;
  -ms-flex-pack: center;
  justify-content: center;
  -webkit-align-content: flex-start;
  -ms-flex-line-pack: start;
  align-content: flex-start;
  -webkit-align-items: center;
  -webkit-box-align: center;
  -ms-flex-align: center;
  align-items: center;
  width: auto;
  height: auto;
}

.c3 {
  outline: none;
  -webkit-user-select: none;
  -moz-user-select: none;
  -ms-user-select: none;
  user-select: none;
  padding: 0;
  margin: 0;
}

.c10 {
  display: -webkit-box;
  display: -webkit-flex;
  display: -ms-flexbox;
  display: flex;
  -webkit-box-pack: center;
  -webkit-justify-content: center;
  -ms-flex-pack: center;
  justify-content: center;
  -webkit-align-items: center;
  -webkit-box-align: center;
  -ms-flex-align: center;
  align-items: center;
  border-radius: 50%;
  width: 20px;
  height: 20px;
  background: #E6E6E6;
  color: #A5A5A5;
}

.c12 {
  width: 17px;
  height: 17px;
}

.c1 {
  width: 100%;
  max-width: calc(976px - 40px);
}

.c5 {
  margin-right: 20px;
}

.c11 {
  width: 40px;
  height: 40px;
  background: rgba(230,230,230,0.4);
  margin-left: 20px;
  cursor: pointer;
}

<div
  className="c0 c1"
>
  <div
    className="c2"
  >
    <img
      alt="Icon component"
      className="c3 c4 c5"
      src="Person.svg"
    />
    <div
      className="c6"
      height="40px"
    >
      <p
        className="c7"
      >
        Desirae Schleifer
      </p>
      <p
        className="c8"
      >
        Today at 3:30 pm
      </p>
    </div>
  </div>
  <div
    className="c2"
  >
    <div
      className="c9 c10 c11"
      color="secondary"
      onClick={[Function]}
    >
      <img
        alt="Icon component"
        className="c3 c12"
        src="SearchIcon.svg"
      />
    </div>
    <div
      className="c9 c10 c11"
      color="secondary"
    >
      <img
        alt="Icon component"
        className="c3 c12"
        src="ThreeDotsGray.svg"
      />
    </div>
  </div>
</div>
`;
