// Jest Snapshot v1, https://goo.gl/fbAQLP

exports[`<DialogListItem /> Snapshots DialogListItem with avatar and with sended message to match snapshot 1`] = `
.c8 {
  font-family: 'Roboto',sans-serif;
  font-weight: normal;
  font-size: 16px;
  -webkit-letter-spacing: 0.5px;
  -moz-letter-spacing: 0.5px;
  -ms-letter-spacing: 0.5px;
  letter-spacing: 0.5px;
  line-height: 19px;
  color: #252525;
  margin: 0;
}

.c9 {
  font-family: 'Roboto',sans-serif;
  font-weight: normal;
  font-size: 12px;
  -webkit-letter-spacing: 0.4px;
  -moz-letter-spacing: 0.4px;
  -ms-letter-spacing: 0.4px;
  letter-spacing: 0.4px;
  line-height: 14px;
  color: #555555;
  margin: 0;
}

.c11 {
  font-family: 'Roboto',sans-serif;
  font-weight: normal;
  font-size: 12px;
  -webkit-letter-spacing: 0.4px;
  -moz-letter-spacing: 0.4px;
  -ms-letter-spacing: 0.4px;
  letter-spacing: 0.4px;
  line-height: 14px;
  color: #A5A5A5;
  margin: 0;
}

.c0 {
  padding: 0;
  margin: 0;
  display: -webkit-box;
  display: -webkit-flex;
  display: -ms-flexbox;
  display: flex;
  -webkit-flex-wrap: wrap;
  -ms-flex-wrap: wrap;
  flex-wrap: wrap;
  -webkit-flex-direction: row;
  -ms-flex-direction: row;
  flex-direction: row;
  -webkit-box-pack: start;
  -webkit-justify-content: flex-start;
  -ms-flex-pack: start;
  justify-content: flex-start;
  -webkit-align-content: flex-start;
  -ms-flex-line-pack: start;
  align-content: flex-start;
  -webkit-align-items: flex-start;
  -webkit-box-align: flex-start;
  -ms-flex-align: flex-start;
  align-items: flex-start;
  width: auto;
  height: auto;
}

.c2 {
  padding: 0;
  margin: 0;
  display: -webkit-box;
  display: -webkit-flex;
  display: -ms-flexbox;
  display: flex;
  -webkit-flex-direction: row;
  -ms-flex-direction: row;
  flex-direction: row;
  -webkit-box-pack: justify;
  -webkit-justify-content: space-between;
  -ms-flex-pack: justify;
  justify-content: space-between;
  -webkit-align-content: flex-start;
  -ms-flex-line-pack: start;
  align-content: flex-start;
  -webkit-align-items: flex-start;
  -webkit-box-align: flex-start;
  -ms-flex-align: flex-start;
  align-items: flex-start;
  width: 100%;
  height: 40px;
}

.c3 {
  padding: 0;
  margin: 0;
  display: -webkit-box;
  display: -webkit-flex;
  display: -ms-flexbox;
  display: flex;
  -webkit-flex-direction: row;
  -ms-flex-direction: row;
  flex-direction: row;
  -webkit-box-pack: start;
  -webkit-justify-content: flex-start;
  -ms-flex-pack: start;
  justify-content: flex-start;
  -webkit-align-content: flex-start;
  -ms-flex-line-pack: start;
  align-content: flex-start;
  -webkit-align-items: flex-start;
  -webkit-box-align: flex-start;
  -ms-flex-align: flex-start;
  align-items: flex-start;
  width: auto;
  height: 40px;
}

.c4 {
  padding: 0;
  margin: 0;
  display: -webkit-box;
  display: -webkit-flex;
  display: -ms-flexbox;
  display: flex;
  -webkit-flex-direction: row;
  -ms-flex-direction: row;
  flex-direction: row;
  -webkit-box-pack: start;
  -webkit-justify-content: flex-start;
  -ms-flex-pack: start;
  justify-content: flex-start;
  -webkit-align-content: flex-start;
  -ms-flex-line-pack: start;
  align-content: flex-start;
  -webkit-align-items: flex-start;
  -webkit-box-align: flex-start;
  -ms-flex-align: flex-start;
  align-items: flex-start;
  width: auto;
  height: auto;
}

.c7 {
  padding: 0;
  margin: 0;
  display: -webkit-box;
  display: -webkit-flex;
  display: -ms-flexbox;
  display: flex;
  -webkit-flex-direction: column;
  -ms-flex-direction: column;
  flex-direction: column;
  -webkit-box-pack: justify;
  -webkit-justify-content: space-between;
  -ms-flex-pack: justify;
  justify-content: space-between;
  -webkit-align-content: flex-start;
  -ms-flex-line-pack: start;
  align-content: flex-start;
  -webkit-align-items: flex-start;
  -webkit-box-align: flex-start;
  -ms-flex-align: flex-start;
  align-items: flex-start;
  width: auto;
  height: 40px;
}

.c10 {
  padding: 0;
  margin: 0;
  display: -webkit-box;
  display: -webkit-flex;
  display: -ms-flexbox;
  display: flex;
  -webkit-flex-direction: column;
  -ms-flex-direction: column;
  flex-direction: column;
  -webkit-box-pack: justify;
  -webkit-justify-content: space-between;
  -ms-flex-pack: justify;
  justify-content: space-between;
  -webkit-align-content: flex-start;
  -ms-flex-line-pack: start;
  align-content: flex-start;
  -webkit-align-items: flex-end;
  -webkit-box-align: flex-end;
  -ms-flex-align: flex-end;
  align-items: flex-end;
  width: auto;
  height: 40px;
}

.c6 {
  width: 40px;
  height: 40px;
  border-radius: 50%;
  background: #eee;
  background-image: linear-gradient( to right, #eee 0%, #ccc 40%, #ddd 40%, #eee 100% );
  background-repeat: no-repeat;
  -webkit-animation: gdZBtx 1s linear infinite forwards;
  animation: gdZBtx 1s linear infinite forwards;
}

.c12 {
  fill: #A5A5A5;
  width: 20px;
  height: 13px;
}

.c5 {
  margin-right: 20px;
}

.c13 {
  width: 100%;
  height: 1px;
  background: #E5E5E5;
  margin-top: 15px;
}

.c1 {
  width: 420px;
  margin-top: 15px;
}

<div
  className="c0 c1"
>
  <div
    className="c2"
    height="40px"
    width="100%"
  >
    <div
      className="c3"
      height="40px"
    >
      <div
        className="c4 c5"
      >
        <div
          className="c6"
        />
      </div>
      <div
        className="c7"
        height="40px"
      >
        <p
          className="c8"
        >
          Desirae Schleifer
        </p>
        <p
          className="c9"
        >
          Hi. I\`m have avatar.
        </p>
      </div>
    </div>
    <div
      className="c10"
      height="40px"
    >
      <p
        className="c11"
      >
        13:50
      </p>
      <div
        className="c4"
      >
        <div
          className="c4"
        >
          <svg
            className="c12"
          >
            <path
              d="M0 7.58495L4.8086 13L6.02151 11.6244L1.22151 6.21908L0 7.58495ZM18.7785 0L9.67742 10.2586L6.09893 6.21908L4.86882 7.58495L9.67742 13L20 1.37556L18.7785 0ZM15.1312 1.37556L13.9183 0L8.45591 6.15127L9.67742 7.51714L15.1312 1.37556Z"
            />
          </svg>
        </div>
      </div>
    </div>
  </div>
  <div
    className="c13"
  />
</div>
`;

exports[`<DialogListItem /> Snapshots DialogListItem without avatar and with readed message to match snapshot 1`] = `
.c8 {
  font-family: 'Roboto',sans-serif;
  font-weight: normal;
  font-size: 16px;
  -webkit-letter-spacing: 0.5px;
  -moz-letter-spacing: 0.5px;
  -ms-letter-spacing: 0.5px;
  letter-spacing: 0.5px;
  line-height: 19px;
  color: #252525;
  margin: 0;
}

.c9 {
  font-family: 'Roboto',sans-serif;
  font-weight: normal;
  font-size: 12px;
  -webkit-letter-spacing: 0.4px;
  -moz-letter-spacing: 0.4px;
  -ms-letter-spacing: 0.4px;
  letter-spacing: 0.4px;
  line-height: 14px;
  color: #555555;
  margin: 0;
}

.c11 {
  font-family: 'Roboto',sans-serif;
  font-weight: normal;
  font-size: 12px;
  -webkit-letter-spacing: 0.4px;
  -moz-letter-spacing: 0.4px;
  -ms-letter-spacing: 0.4px;
  letter-spacing: 0.4px;
  line-height: 14px;
  color: #A5A5A5;
  margin: 0;
}

.c14 {
  font-family: 'Roboto',sans-serif;
  font-weight: bold;
  font-size: 12px;
  -webkit-letter-spacing: 0.4px;
  -moz-letter-spacing: 0.4px;
  -ms-letter-spacing: 0.4px;
  letter-spacing: 0.4px;
  line-height: 14px;
  margin: 0;
}

.c0 {
  padding: 0;
  margin: 0;
  display: -webkit-box;
  display: -webkit-flex;
  display: -ms-flexbox;
  display: flex;
  -webkit-flex-wrap: wrap;
  -ms-flex-wrap: wrap;
  flex-wrap: wrap;
  -webkit-flex-direction: row;
  -ms-flex-direction: row;
  flex-direction: row;
  -webkit-box-pack: start;
  -webkit-justify-content: flex-start;
  -ms-flex-pack: start;
  justify-content: flex-start;
  -webkit-align-content: flex-start;
  -ms-flex-line-pack: start;
  align-content: flex-start;
  -webkit-align-items: flex-start;
  -webkit-box-align: flex-start;
  -ms-flex-align: flex-start;
  align-items: flex-start;
  width: auto;
  height: auto;
}

.c2 {
  padding: 0;
  margin: 0;
  display: -webkit-box;
  display: -webkit-flex;
  display: -ms-flexbox;
  display: flex;
  -webkit-flex-direction: row;
  -ms-flex-direction: row;
  flex-direction: row;
  -webkit-box-pack: justify;
  -webkit-justify-content: space-between;
  -ms-flex-pack: justify;
  justify-content: space-between;
  -webkit-align-content: flex-start;
  -ms-flex-line-pack: start;
  align-content: flex-start;
  -webkit-align-items: flex-start;
  -webkit-box-align: flex-start;
  -ms-flex-align: flex-start;
  align-items: flex-start;
  width: 100%;
  height: 40px;
}

.c3 {
  padding: 0;
  margin: 0;
  display: -webkit-box;
  display: -webkit-flex;
  display: -ms-flexbox;
  display: flex;
  -webkit-flex-direction: row;
  -ms-flex-direction: row;
  flex-direction: row;
  -webkit-box-pack: start;
  -webkit-justify-content: flex-start;
  -ms-flex-pack: start;
  justify-content: flex-start;
  -webkit-align-content: flex-start;
  -ms-flex-line-pack: start;
  align-content: flex-start;
  -webkit-align-items: flex-start;
  -webkit-box-align: flex-start;
  -ms-flex-align: flex-start;
  align-items: flex-start;
  width: auto;
  height: 40px;
}

.c4 {
  padding: 0;
  margin: 0;
  display: -webkit-box;
  display: -webkit-flex;
  display: -ms-flexbox;
  display: flex;
  -webkit-flex-direction: row;
  -ms-flex-direction: row;
  flex-direction: row;
  -webkit-box-pack: start;
  -webkit-justify-content: flex-start;
  -ms-flex-pack: start;
  justify-content: flex-start;
  -webkit-align-content: flex-start;
  -ms-flex-line-pack: start;
  align-content: flex-start;
  -webkit-align-items: flex-start;
  -webkit-box-align: flex-start;
  -ms-flex-align: flex-start;
  align-items: flex-start;
  width: auto;
  height: auto;
}

.c7 {
  padding: 0;
  margin: 0;
  display: -webkit-box;
  display: -webkit-flex;
  display: -ms-flexbox;
  display: flex;
  -webkit-flex-direction: column;
  -ms-flex-direction: column;
  flex-direction: column;
  -webkit-box-pack: justify;
  -webkit-justify-content: space-between;
  -ms-flex-pack: justify;
  justify-content: space-between;
  -webkit-align-content: flex-start;
  -ms-flex-line-pack: start;
  align-content: flex-start;
  -webkit-align-items: flex-start;
  -webkit-box-align: flex-start;
  -ms-flex-align: flex-start;
  align-items: flex-start;
  width: auto;
  height: 40px;
}

.c10 {
  padding: 0;
  margin: 0;
  display: -webkit-box;
  display: -webkit-flex;
  display: -ms-flexbox;
  display: flex;
  -webkit-flex-direction: column;
  -ms-flex-direction: column;
  flex-direction: column;
  -webkit-box-pack: justify;
  -webkit-justify-content: space-between;
  -ms-flex-pack: justify;
  justify-content: space-between;
  -webkit-align-content: flex-start;
  -ms-flex-line-pack: start;
  align-content: flex-start;
  -webkit-align-items: flex-end;
  -webkit-box-align: flex-end;
  -ms-flex-align: flex-end;
  align-items: flex-end;
  width: auto;
  height: 40px;
}

.c12 {
  padding: 0;
  margin: 0;
  display: -webkit-box;
  display: -webkit-flex;
  display: -ms-flexbox;
  display: flex;
  -webkit-flex-direction: row;
  -ms-flex-direction: row;
  flex-direction: row;
  -webkit-box-pack: center;
  -webkit-justify-content: center;
  -ms-flex-pack: center;
  justify-content: center;
  -webkit-align-content: flex-start;
  -ms-flex-line-pack: start;
  align-content: flex-start;
  -webkit-align-items: center;
  -webkit-box-align: center;
  -ms-flex-align: center;
  align-items: center;
  width: auto;
  height: auto;
}

.c13 {
  border-radius: 50%;
  width: 20px;
  height: 20px;
  color: #FAFAFA;
  background: #00ADFF;
}

.c6 {
  width: 40px;
  height: 40px;
  outline: none;
  -webkit-user-select: none;
  -moz-user-select: none;
  -ms-user-select: none;
  user-select: none;
  padding: 0;
  margin: 0;
}

.c5 {
  margin-right: 20px;
}

.c15 {
  width: 100%;
  height: 1px;
  background: #E5E5E5;
  margin-top: 15px;
}

.c1 {
  width: 420px;
  margin-top: 15px;
}

<div
  className="c0 c1"
>
  <div
    className="c2"
    height="40px"
    width="100%"
  >
    <div
      className="c3"
      height="40px"
    >
      <div
        className="c4 c5"
      >
        <img
          alt="Icon component"
          className="c6"
          src="Person.svg"
        />
      </div>
      <div
        className="c7"
        height="40px"
      >
        <p
          className="c8"
        >
          James Daniel
        </p>
        <p
          className="c9"
        >
          :D
        </p>
      </div>
    </div>
    <div
      className="c10"
      height="40px"
    >
      <p
        className="c11"
      >
        13:50
      </p>
      <div
        className="c4"
      >
        <div
          className="c4"
        >
          <div
            className="c12 c13"
            color="primary"
          >
            <p
              className="c14"
            >
              9+
            </p>
          </div>
        </div>
      </div>
    </div>
  </div>
  <div
    className="c15"
  />
</div>
`;

exports[`<DialogListItem /> Snapshots DialogListItem without avatar and with readed message to match snapshot 2`] = `
.c8 {
  font-family: 'Roboto',sans-serif;
  font-weight: normal;
  font-size: 16px;
  -webkit-letter-spacing: 0.5px;
  -moz-letter-spacing: 0.5px;
  -ms-letter-spacing: 0.5px;
  letter-spacing: 0.5px;
  line-height: 19px;
  color: #252525;
  margin: 0;
}

.c9 {
  font-family: 'Roboto',sans-serif;
  font-weight: normal;
  font-size: 12px;
  -webkit-letter-spacing: 0.4px;
  -moz-letter-spacing: 0.4px;
  -ms-letter-spacing: 0.4px;
  letter-spacing: 0.4px;
  line-height: 14px;
  color: #555555;
  margin: 0;
}

.c11 {
  font-family: 'Roboto',sans-serif;
  font-weight: normal;
  font-size: 12px;
  -webkit-letter-spacing: 0.4px;
  -moz-letter-spacing: 0.4px;
  -ms-letter-spacing: 0.4px;
  letter-spacing: 0.4px;
  line-height: 14px;
  color: #A5A5A5;
  margin: 0;
}

.c0 {
  padding: 0;
  margin: 0;
  display: -webkit-box;
  display: -webkit-flex;
  display: -ms-flexbox;
  display: flex;
  -webkit-flex-wrap: wrap;
  -ms-flex-wrap: wrap;
  flex-wrap: wrap;
  -webkit-flex-direction: row;
  -ms-flex-direction: row;
  flex-direction: row;
  -webkit-box-pack: start;
  -webkit-justify-content: flex-start;
  -ms-flex-pack: start;
  justify-content: flex-start;
  -webkit-align-content: flex-start;
  -ms-flex-line-pack: start;
  align-content: flex-start;
  -webkit-align-items: flex-start;
  -webkit-box-align: flex-start;
  -ms-flex-align: flex-start;
  align-items: flex-start;
  width: auto;
  height: auto;
}

.c2 {
  padding: 0;
  margin: 0;
  display: -webkit-box;
  display: -webkit-flex;
  display: -ms-flexbox;
  display: flex;
  -webkit-flex-direction: row;
  -ms-flex-direction: row;
  flex-direction: row;
  -webkit-box-pack: justify;
  -webkit-justify-content: space-between;
  -ms-flex-pack: justify;
  justify-content: space-between;
  -webkit-align-content: flex-start;
  -ms-flex-line-pack: start;
  align-content: flex-start;
  -webkit-align-items: flex-start;
  -webkit-box-align: flex-start;
  -ms-flex-align: flex-start;
  align-items: flex-start;
  width: 100%;
  height: 40px;
}

.c3 {
  padding: 0;
  margin: 0;
  display: -webkit-box;
  display: -webkit-flex;
  display: -ms-flexbox;
  display: flex;
  -webkit-flex-direction: row;
  -ms-flex-direction: row;
  flex-direction: row;
  -webkit-box-pack: start;
  -webkit-justify-content: flex-start;
  -ms-flex-pack: start;
  justify-content: flex-start;
  -webkit-align-content: flex-start;
  -ms-flex-line-pack: start;
  align-content: flex-start;
  -webkit-align-items: flex-start;
  -webkit-box-align: flex-start;
  -ms-flex-align: flex-start;
  align-items: flex-start;
  width: auto;
  height: 40px;
}

.c4 {
  padding: 0;
  margin: 0;
  display: -webkit-box;
  display: -webkit-flex;
  display: -ms-flexbox;
  display: flex;
  -webkit-flex-direction: row;
  -ms-flex-direction: row;
  flex-direction: row;
  -webkit-box-pack: start;
  -webkit-justify-content: flex-start;
  -ms-flex-pack: start;
  justify-content: flex-start;
  -webkit-align-content: flex-start;
  -ms-flex-line-pack: start;
  align-content: flex-start;
  -webkit-align-items: flex-start;
  -webkit-box-align: flex-start;
  -ms-flex-align: flex-start;
  align-items: flex-start;
  width: auto;
  height: auto;
}

.c7 {
  padding: 0;
  margin: 0;
  display: -webkit-box;
  display: -webkit-flex;
  display: -ms-flexbox;
  display: flex;
  -webkit-flex-direction: column;
  -ms-flex-direction: column;
  flex-direction: column;
  -webkit-box-pack: justify;
  -webkit-justify-content: space-between;
  -ms-flex-pack: justify;
  justify-content: space-between;
  -webkit-align-content: flex-start;
  -ms-flex-line-pack: start;
  align-content: flex-start;
  -webkit-align-items: flex-start;
  -webkit-box-align: flex-start;
  -ms-flex-align: flex-start;
  align-items: flex-start;
  width: auto;
  height: 40px;
}

.c10 {
  padding: 0;
  margin: 0;
  display: -webkit-box;
  display: -webkit-flex;
  display: -ms-flexbox;
  display: flex;
  -webkit-flex-direction: column;
  -ms-flex-direction: column;
  flex-direction: column;
  -webkit-box-pack: justify;
  -webkit-justify-content: space-between;
  -ms-flex-pack: justify;
  justify-content: space-between;
  -webkit-align-content: flex-start;
  -ms-flex-line-pack: start;
  align-content: flex-start;
  -webkit-align-items: flex-end;
  -webkit-box-align: flex-end;
  -ms-flex-align: flex-end;
  align-items: flex-end;
  width: auto;
  height: 40px;
}

.c6 {
  width: 40px;
  height: 40px;
  border-radius: 50%;
  background: #eee;
  background-image: linear-gradient( to right, #eee 0%, #ccc 40%, #ddd 40%, #eee 100% );
  background-repeat: no-repeat;
  -webkit-animation: gdZBtx 1s linear infinite forwards;
  animation: gdZBtx 1s linear infinite forwards;
}

.c12 {
  fill: #A5A5A5;
  width: 20px;
  height: 13px;
}

.c5 {
  margin-right: 20px;
}

.c13 {
  width: 100%;
  height: 1px;
  background: #E5E5E5;
  margin-top: 15px;
}

.c1 {
  width: 420px;
  margin-top: 15px;
}

<div
  className="c0 c1"
>
  <div
    className="c2"
    height="40px"
    width="100%"
  >
    <div
      className="c3"
      height="40px"
    >
      <div
        className="c4 c5"
      >
        <div
          className="c6"
        />
      </div>
      <div
        className="c7"
        height="40px"
      >
        <p
          className="c8"
        >
          Desirae Schleifer
        </p>
        <p
          className="c9"
        >
          Hi. I\`m have avatar.
        </p>
      </div>
    </div>
    <div
      className="c10"
      height="40px"
    >
      <p
        className="c11"
      >
        13:50
      </p>
      <div
        className="c4"
      >
        <div
          className="c4"
        >
          <svg
            className="c12"
          >
            <path
              d="M0 7.58495L4.8086 13L6.02151 11.6244L1.22151 6.21908L0 7.58495ZM18.7785 0L9.67742 10.2586L6.09893 6.21908L4.86882 7.58495L9.67742 13L20 1.37556L18.7785 0ZM15.1312 1.37556L13.9183 0L8.45591 6.15127L9.67742 7.51714L15.1312 1.37556Z"
            />
          </svg>
        </div>
      </div>
    </div>
  </div>
  <div
    className="c13"
  />
</div>
`;

exports[`<DialogListItem /> Snapshots DialogListItem without avatar and with recived message to match snapshot 1`] = `
.c8 {
  font-family: 'Roboto',sans-serif;
  font-weight: normal;
  font-size: 16px;
  -webkit-letter-spacing: 0.5px;
  -moz-letter-spacing: 0.5px;
  -ms-letter-spacing: 0.5px;
  letter-spacing: 0.5px;
  line-height: 19px;
  color: #252525;
  margin: 0;
}

.c9 {
  font-family: 'Roboto',sans-serif;
  font-weight: normal;
  font-size: 12px;
  -webkit-letter-spacing: 0.4px;
  -moz-letter-spacing: 0.4px;
  -ms-letter-spacing: 0.4px;
  letter-spacing: 0.4px;
  line-height: 14px;
  color: #555555;
  margin: 0;
}

.c11 {
  font-family: 'Roboto',sans-serif;
  font-weight: normal;
  font-size: 12px;
  -webkit-letter-spacing: 0.4px;
  -moz-letter-spacing: 0.4px;
  -ms-letter-spacing: 0.4px;
  letter-spacing: 0.4px;
  line-height: 14px;
  color: #A5A5A5;
  margin: 0;
}

.c14 {
  font-family: 'Roboto',sans-serif;
  font-weight: bold;
  font-size: 12px;
  -webkit-letter-spacing: 0.4px;
  -moz-letter-spacing: 0.4px;
  -ms-letter-spacing: 0.4px;
  letter-spacing: 0.4px;
  line-height: 14px;
  margin: 0;
}

.c0 {
  padding: 0;
  margin: 0;
  display: -webkit-box;
  display: -webkit-flex;
  display: -ms-flexbox;
  display: flex;
  -webkit-flex-wrap: wrap;
  -ms-flex-wrap: wrap;
  flex-wrap: wrap;
  -webkit-flex-direction: row;
  -ms-flex-direction: row;
  flex-direction: row;
  -webkit-box-pack: start;
  -webkit-justify-content: flex-start;
  -ms-flex-pack: start;
  justify-content: flex-start;
  -webkit-align-content: flex-start;
  -ms-flex-line-pack: start;
  align-content: flex-start;
  -webkit-align-items: flex-start;
  -webkit-box-align: flex-start;
  -ms-flex-align: flex-start;
  align-items: flex-start;
  width: auto;
  height: auto;
}

.c2 {
  padding: 0;
  margin: 0;
  display: -webkit-box;
  display: -webkit-flex;
  display: -ms-flexbox;
  display: flex;
  -webkit-flex-direction: row;
  -ms-flex-direction: row;
  flex-direction: row;
  -webkit-box-pack: justify;
  -webkit-justify-content: space-between;
  -ms-flex-pack: justify;
  justify-content: space-between;
  -webkit-align-content: flex-start;
  -ms-flex-line-pack: start;
  align-content: flex-start;
  -webkit-align-items: flex-start;
  -webkit-box-align: flex-start;
  -ms-flex-align: flex-start;
  align-items: flex-start;
  width: 100%;
  height: 40px;
}

.c3 {
  padding: 0;
  margin: 0;
  display: -webkit-box;
  display: -webkit-flex;
  display: -ms-flexbox;
  display: flex;
  -webkit-flex-direction: row;
  -ms-flex-direction: row;
  flex-direction: row;
  -webkit-box-pack: start;
  -webkit-justify-content: flex-start;
  -ms-flex-pack: start;
  justify-content: flex-start;
  -webkit-align-content: flex-start;
  -ms-flex-line-pack: start;
  align-content: flex-start;
  -webkit-align-items: flex-start;
  -webkit-box-align: flex-start;
  -ms-flex-align: flex-start;
  align-items: flex-start;
  width: auto;
  height: 40px;
}

.c4 {
  padding: 0;
  margin: 0;
  display: -webkit-box;
  display: -webkit-flex;
  display: -ms-flexbox;
  display: flex;
  -webkit-flex-direction: row;
  -ms-flex-direction: row;
  flex-direction: row;
  -webkit-box-pack: start;
  -webkit-justify-content: flex-start;
  -ms-flex-pack: start;
  justify-content: flex-start;
  -webkit-align-content: flex-start;
  -ms-flex-line-pack: start;
  align-content: flex-start;
  -webkit-align-items: flex-start;
  -webkit-box-align: flex-start;
  -ms-flex-align: flex-start;
  align-items: flex-start;
  width: auto;
  height: auto;
}

.c7 {
  padding: 0;
  margin: 0;
  display: -webkit-box;
  display: -webkit-flex;
  display: -ms-flexbox;
  display: flex;
  -webkit-flex-direction: column;
  -ms-flex-direction: column;
  flex-direction: column;
  -webkit-box-pack: justify;
  -webkit-justify-content: space-between;
  -ms-flex-pack: justify;
  justify-content: space-between;
  -webkit-align-content: flex-start;
  -ms-flex-line-pack: start;
  align-content: flex-start;
  -webkit-align-items: flex-start;
  -webkit-box-align: flex-start;
  -ms-flex-align: flex-start;
  align-items: flex-start;
  width: auto;
  height: 40px;
}

.c10 {
  padding: 0;
  margin: 0;
  display: -webkit-box;
  display: -webkit-flex;
  display: -ms-flexbox;
  display: flex;
  -webkit-flex-direction: column;
  -ms-flex-direction: column;
  flex-direction: column;
  -webkit-box-pack: justify;
  -webkit-justify-content: space-between;
  -ms-flex-pack: justify;
  justify-content: space-between;
  -webkit-align-content: flex-start;
  -ms-flex-line-pack: start;
  align-content: flex-start;
  -webkit-align-items: flex-end;
  -webkit-box-align: flex-end;
  -ms-flex-align: flex-end;
  align-items: flex-end;
  width: auto;
  height: 40px;
}

.c12 {
  padding: 0;
  margin: 0;
  display: -webkit-box;
  display: -webkit-flex;
  display: -ms-flexbox;
  display: flex;
  -webkit-flex-direction: row;
  -ms-flex-direction: row;
  flex-direction: row;
  -webkit-box-pack: center;
  -webkit-justify-content: center;
  -ms-flex-pack: center;
  justify-content: center;
  -webkit-align-content: flex-start;
  -ms-flex-line-pack: start;
  align-content: flex-start;
  -webkit-align-items: center;
  -webkit-box-align: center;
  -ms-flex-align: center;
  align-items: center;
  width: auto;
  height: auto;
}

.c13 {
  border-radius: 50%;
  width: 20px;
  height: 20px;
  color: #FAFAFA;
  background: #00ADFF;
}

.c6 {
  width: 40px;
  height: 40px;
  outline: none;
  -webkit-user-select: none;
  -moz-user-select: none;
  -ms-user-select: none;
  user-select: none;
  padding: 0;
  margin: 0;
}

.c5 {
  margin-right: 20px;
}

.c15 {
  width: 100%;
  height: 1px;
  background: #E5E5E5;
  margin-top: 15px;
}

.c1 {
  width: 420px;
  margin-top: 15px;
}

<div
  className="c0 c1"
>
  <div
    className="c2"
    height="40px"
    width="100%"
  >
    <div
      className="c3"
      height="40px"
    >
      <div
        className="c4 c5"
      >
        <img
          alt="Icon component"
          className="c6"
          src="Person.svg"
        />
      </div>
      <div
        className="c7"
        height="40px"
      >
        <p
          className="c8"
        >
          Jaydon Bator
        </p>
        <p
          className="c9"
        >
          Hi. It appears that i lose my avatar :(
        </p>
      </div>
    </div>
    <div
      className="c10"
      height="40px"
    >
      <p
        className="c11"
      >
        13:50
      </p>
      <div
        className="c4"
      >
        <div
          className="c4"
        >
          <div
            className="c12 c13"
            color="primary"
          >
            <p
              className="c14"
            >
              3
            </p>
          </div>
        </div>
      </div>
    </div>
  </div>
  <div
    className="c15"
  />
</div>
`;

exports[`<DialogListItem /> Snapshots DialogListItem without last_message to match snapshot 1`] = `
.c8 {
  font-family: 'Roboto',sans-serif;
  font-weight: normal;
  font-size: 16px;
  -webkit-letter-spacing: 0.5px;
  -moz-letter-spacing: 0.5px;
  -ms-letter-spacing: 0.5px;
  letter-spacing: 0.5px;
  line-height: 19px;
  color: #252525;
  margin: 0;
}

.c9 {
  font-family: 'Roboto',sans-serif;
  font-weight: normal;
  font-size: 12px;
  -webkit-letter-spacing: 0.4px;
  -moz-letter-spacing: 0.4px;
  -ms-letter-spacing: 0.4px;
  letter-spacing: 0.4px;
  line-height: 14px;
  color: #555555;
  margin: 0;
}

.c11 {
  font-family: 'Roboto',sans-serif;
  font-weight: normal;
  font-size: 12px;
  -webkit-letter-spacing: 0.4px;
  -moz-letter-spacing: 0.4px;
  -ms-letter-spacing: 0.4px;
  letter-spacing: 0.4px;
  line-height: 14px;
  color: #A5A5A5;
  margin: 0;
}

.c14 {
  font-family: 'Roboto',sans-serif;
  font-weight: bold;
  font-size: 12px;
  -webkit-letter-spacing: 0.4px;
  -moz-letter-spacing: 0.4px;
  -ms-letter-spacing: 0.4px;
  letter-spacing: 0.4px;
  line-height: 14px;
  margin: 0;
}

.c0 {
  padding: 0;
  margin: 0;
  display: -webkit-box;
  display: -webkit-flex;
  display: -ms-flexbox;
  display: flex;
  -webkit-flex-wrap: wrap;
  -ms-flex-wrap: wrap;
  flex-wrap: wrap;
  -webkit-flex-direction: row;
  -ms-flex-direction: row;
  flex-direction: row;
  -webkit-box-pack: start;
  -webkit-justify-content: flex-start;
  -ms-flex-pack: start;
  justify-content: flex-start;
  -webkit-align-content: flex-start;
  -ms-flex-line-pack: start;
  align-content: flex-start;
  -webkit-align-items: flex-start;
  -webkit-box-align: flex-start;
  -ms-flex-align: flex-start;
  align-items: flex-start;
  width: auto;
  height: auto;
}

.c2 {
  padding: 0;
  margin: 0;
  display: -webkit-box;
  display: -webkit-flex;
  display: -ms-flexbox;
  display: flex;
  -webkit-flex-direction: row;
  -ms-flex-direction: row;
  flex-direction: row;
  -webkit-box-pack: justify;
  -webkit-justify-content: space-between;
  -ms-flex-pack: justify;
  justify-content: space-between;
  -webkit-align-content: flex-start;
  -ms-flex-line-pack: start;
  align-content: flex-start;
  -webkit-align-items: flex-start;
  -webkit-box-align: flex-start;
  -ms-flex-align: flex-start;
  align-items: flex-start;
  width: 100%;
  height: 40px;
}

.c3 {
  padding: 0;
  margin: 0;
  display: -webkit-box;
  display: -webkit-flex;
  display: -ms-flexbox;
  display: flex;
  -webkit-flex-direction: row;
  -ms-flex-direction: row;
  flex-direction: row;
  -webkit-box-pack: start;
  -webkit-justify-content: flex-start;
  -ms-flex-pack: start;
  justify-content: flex-start;
  -webkit-align-content: flex-start;
  -ms-flex-line-pack: start;
  align-content: flex-start;
  -webkit-align-items: flex-start;
  -webkit-box-align: flex-start;
  -ms-flex-align: flex-start;
  align-items: flex-start;
  width: auto;
  height: 40px;
}

.c4 {
  padding: 0;
  margin: 0;
  display: -webkit-box;
  display: -webkit-flex;
  display: -ms-flexbox;
  display: flex;
  -webkit-flex-direction: row;
  -ms-flex-direction: row;
  flex-direction: row;
  -webkit-box-pack: start;
  -webkit-justify-content: flex-start;
  -ms-flex-pack: start;
  justify-content: flex-start;
  -webkit-align-content: flex-start;
  -ms-flex-line-pack: start;
  align-content: flex-start;
  -webkit-align-items: flex-start;
  -webkit-box-align: flex-start;
  -ms-flex-align: flex-start;
  align-items: flex-start;
  width: auto;
  height: auto;
}

.c7 {
  padding: 0;
  margin: 0;
  display: -webkit-box;
  display: -webkit-flex;
  display: -ms-flexbox;
  display: flex;
  -webkit-flex-direction: column;
  -ms-flex-direction: column;
  flex-direction: column;
  -webkit-box-pack: justify;
  -webkit-justify-content: space-between;
  -ms-flex-pack: justify;
  justify-content: space-between;
  -webkit-align-content: flex-start;
  -ms-flex-line-pack: start;
  align-content: flex-start;
  -webkit-align-items: flex-start;
  -webkit-box-align: flex-start;
  -ms-flex-align: flex-start;
  align-items: flex-start;
  width: auto;
  height: 40px;
}

.c10 {
  padding: 0;
  margin: 0;
  display: -webkit-box;
  display: -webkit-flex;
  display: -ms-flexbox;
  display: flex;
  -webkit-flex-direction: column;
  -ms-flex-direction: column;
  flex-direction: column;
  -webkit-box-pack: justify;
  -webkit-justify-content: space-between;
  -ms-flex-pack: justify;
  justify-content: space-between;
  -webkit-align-content: flex-start;
  -ms-flex-line-pack: start;
  align-content: flex-start;
  -webkit-align-items: flex-end;
  -webkit-box-align: flex-end;
  -ms-flex-align: flex-end;
  align-items: flex-end;
  width: auto;
  height: 40px;
}

.c12 {
  padding: 0;
  margin: 0;
  display: -webkit-box;
  display: -webkit-flex;
  display: -ms-flexbox;
  display: flex;
  -webkit-flex-direction: row;
  -ms-flex-direction: row;
  flex-direction: row;
  -webkit-box-pack: center;
  -webkit-justify-content: center;
  -ms-flex-pack: center;
  justify-content: center;
  -webkit-align-content: flex-start;
  -ms-flex-line-pack: start;
  align-content: flex-start;
  -webkit-align-items: center;
  -webkit-box-align: center;
  -ms-flex-align: center;
  align-items: center;
  width: auto;
  height: auto;
}

.c13 {
  border-radius: 50%;
  width: 20px;
  height: 20px;
  color: #FAFAFA;
  background: #00ADFF;
}

.c6 {
  width: 40px;
  height: 40px;
  outline: none;
  -webkit-user-select: none;
  -moz-user-select: none;
  -ms-user-select: none;
  user-select: none;
  padding: 0;
  margin: 0;
}

.c5 {
  margin-right: 20px;
}

.c15 {
  width: 100%;
  height: 1px;
  background: #E5E5E5;
  margin-top: 15px;
}

.c1 {
  width: 420px;
  margin-top: 15px;
}

<div
  className="c0 c1"
>
  <div
    className="c2"
    height="40px"
    width="100%"
  >
    <div
      className="c3"
      height="40px"
    >
      <div
        className="c4 c5"
      >
        <img
          alt="Icon component"
          className="c6"
          src="Person.svg"
        />
      </div>
      <div
        className="c7"
        height="40px"
      >
        <p
          className="c8"
        >
          James Daniel
        </p>
        <p
          className="c9"
        />
      </div>
    </div>
    <div
      className="c10"
      height="40px"
    >
      <p
        className="c11"
      />
      <div
        className="c4"
      >
        <div
          className="c4"
        >
          <div
            className="c12 c13"
            color="primary"
          >
            <p
              className="c14"
            >
              9+
            </p>
          </div>
        </div>
      </div>
    </div>
  </div>
  <div
    className="c15"
  />
</div>
`;
