// Jest Snapshot v1, https://goo.gl/fbAQLP

exports[`<DialogTextField /> Snapshots Should render correctly 1`] = `
.c0 {
  padding: 0;
  margin: 0;
  display: -webkit-box;
  display: -webkit-flex;
  display: -ms-flexbox;
  display: flex;
  -webkit-flex-direction: row;
  -ms-flex-direction: row;
  flex-direction: row;
  -webkit-box-pack: start;
  -webkit-justify-content: flex-start;
  -ms-flex-pack: start;
  justify-content: flex-start;
  -webkit-align-content: flex-start;
  -ms-flex-line-pack: start;
  align-content: flex-start;
  -webkit-align-items: flex-start;
  -webkit-box-align: flex-start;
  -ms-flex-align: flex-start;
  align-items: flex-start;
  width: auto;
  height: auto;
}

.c3 {
  position: static;
}

.c5 {
  word-break: break-all;
  -webkit-user-select: none;
  -moz-user-select: none;
  -ms-user-select: none;
  user-select: none;
  font-family: 'Roboto',sans-serif;
  padding: 10px;
  border: 1px solid #E6E6E6;
  border-radius: 5px;
  outline: none;
  color: #555555;
  cursor: text;
  font-size: 14px;
  font-weight: normal;
  line-height: 16px;
  -webkit-letter-spacing: 0.25px;
  -moz-letter-spacing: 0.25px;
  -ms-letter-spacing: 0.25px;
  letter-spacing: 0.25px;
  width: 190px;
  height: auto;
  padding-right: 0;
}

.c5 ~ img {
  width: 20px;
  height: 20px;
  position: absolute;
  top: 50%;
  right: 10px;
  -webkit-transform: translateY(-50%);
  -ms-transform: translateY(-50%);
  transform: translateY(-50%);
}

.c1 {
  max-width: 936px;
  position: relative;
}

.c1 img {
  cursor: pointer;
}

.c4 {
  width: 100%;
  max-width: 936px;
}

.c4 > input {
  padding: 15px 120px 15px 50px;
  width: calc(100% - 120px - 50px);
}

.c2 {
  position: absolute;
  left: 20px;
  top: 15px;
  margin-right: 20px;
}

.c7 {
  margin-right: 20px;
  -webkit-user-select: none;
  -moz-user-select: none;
  -ms-user-select: none;
  user-select: none;
}

.c8 {
  margin-right: 20px;
  -webkit-user-select: none;
  -moz-user-select: none;
  -ms-user-select: none;
  user-select: none;
}

.c9 {
  margin-right: 20px;
  -webkit-user-select: none;
  -moz-user-select: none;
  -ms-user-select: none;
  user-select: none;
}

.c6 {
  -webkit-box-pack: justify;
  -webkit-justify-content: space-between;
  -ms-flex-pack: justify;
  justify-content: space-between;
  position: absolute;
  top: 15px;
  right: 0;
}

<div
  className="c0 c1"
>
  <img
    alt="Smile icon"
    className="c2"
    draggable={false}
    src="Smile.svg"
  />
  <div
    className="c3 c4"
  >
    <input
      className="c5"
      color="secondary"
      maxLength={255}
      onChange={[Function]}
      placeholder="Write you message..."
      type="text"
      value=""
    />
  </div>
  <div
    className="c0 c6"
  >
    <img
      alt="Microphone icon"
      className="c7"
      draggable={false}
      src="Microphone.svg"
    />
    <img
      alt="Add file icon"
      className="c8"
      draggable={false}
      src="AddFile.svg"
    />
    <img
      alt="Send message icon"
      className="c9"
      draggable={false}
      onClick={[Function]}
      src="SendMessage.svg"
    />
  </div>
</div>
`;
