// Jest Snapshot v1, https://goo.gl/fbAQLP

exports[`<MessageList /> Snapshots Should render correctly 1`] = `
.c4 {
  display: -webkit-box;
  display: -webkit-flex;
  display: -ms-flexbox;
  display: flex;
  width: 40px;
  height: 40px;
}

.c8 {
  font-family: 'Roboto',sans-serif;
  font-weight: normal;
  font-size: 16px;
  -webkit-letter-spacing: 0.5px;
  -moz-letter-spacing: 0.5px;
  -ms-letter-spacing: 0.5px;
  letter-spacing: 0.5px;
  line-height: 19px;
  color: #000000;
  margin: 0;
}

.c10 {
  font-family: 'Roboto',sans-serif;
  font-weight: normal;
  font-size: 12px;
  -webkit-letter-spacing: 0.4px;
  -moz-letter-spacing: 0.4px;
  -ms-letter-spacing: 0.4px;
  letter-spacing: 0.4px;
  line-height: 14px;
  color: #000000;
  margin: 0;
}

.c12 {
  font-family: 'Roboto',sans-serif;
  font-weight: normal;
  font-size: 14px;
  -webkit-letter-spacing: 0.25px;
  -moz-letter-spacing: 0.25px;
  -ms-letter-spacing: 0.25px;
  letter-spacing: 0.25px;
  color: #000000;
  margin: 0;
}

.c0 {
  padding: 0;
  margin: 0;
  display: -webkit-box;
  display: -webkit-flex;
  display: -ms-flexbox;
  display: flex;
  -webkit-flex-direction: row;
  -ms-flex-direction: row;
  flex-direction: row;
  -webkit-box-pack: start;
  -webkit-justify-content: flex-start;
  -ms-flex-pack: start;
  justify-content: flex-start;
  -webkit-align-content: flex-start;
  -ms-flex-line-pack: start;
  align-content: flex-start;
  -webkit-align-items: flex-start;
  -webkit-box-align: flex-start;
  -ms-flex-align: flex-start;
  align-items: flex-start;
  width: auto;
  height: auto;
}

.c3 {
  outline: none;
  -webkit-user-select: none;
  -moz-user-select: none;
  -ms-user-select: none;
  user-select: none;
  padding: 0;
  margin: 0;
}

.c5 {
  margin-right: 15px;
}

.c9 {
  margin-right: 10px;
  color: #252525;
}

.c11 {
  color: #A5A5A5;
}

.c13 {
  color: #000000;
}

.c6 {
  -webkit-flex-direction: column;
  -ms-flex-direction: column;
  flex-direction: column;
  -webkit-box-pack: justify;
  -webkit-justify-content: space-between;
  -ms-flex-pack: justify;
  justify-content: space-between;
  height: 40px;
}

.c7 {
  -webkit-align-items: center;
  -webkit-box-align: center;
  -ms-flex-align: center;
  align-items: center;
}

.c1 {
  -webkit-flex-direction: column-reverse;
  -ms-flex-direction: column-reverse;
  flex-direction: column-reverse;
}

.c2 {
  margin-bottom: 20px;
}

<div
  className="c0 c1"
>
  <div
    className="c0 c2"
  >
    <img
      alt="Icon component"
      className="c3 c4 c5"
      src="Person.svg"
    />
    <div
      className="c0 c6"
    >
      <div
        className="c0 c7"
      >
        <p
          className="c8 c9"
        >
          Test User
        </p>
        <p
          className="c10 c11"
        >
          12:00 am
        </p>
      </div>
      <p
        className="c12 c13"
      >
        Test message
      </p>
    </div>
  </div>
  <div
    className="c0 c2"
  >
    <img
      alt="Icon component"
      className="c3 c4 c5"
      src="Person.svg"
    />
    <div
      className="c0 c6"
    >
      <div
        className="c0 c7"
      >
        <p
          className="c8 c9"
        >
          Test User 2
        </p>
        <p
          className="c10 c11"
        >
          12:00 am
        </p>
      </div>
      <p
        className="c12 c13"
      >
        Test message 2
      </p>
    </div>
  </div>
</div>
`;
