// Jest Snapshot v1, https://goo.gl/fbAQLP

exports[`<Typography /> Typography variant body-2 to match snapshot 1`] = `
.c0 {
  font-family: 'Roboto',sans-serif;
  font-weight: normal;
  font-size: 14px;
  -webkit-letter-spacing: 0.25px;
  -moz-letter-spacing: 0.25px;
  -ms-letter-spacing: 0.25px;
  letter-spacing: 0.25px;
  margin: 0;
}

<p
  className="c0"
>
  Body 2 to match snapshot
</p>
`;
